###############################################################################
#                                                                             #
# IAR ELF Linker V6.40.4.54170/W32 for ARM              15/Apr/2014  12:04:00 #
# Copyright 2007-2012 IAR Systems AB.                                         #
#                                                                             #
#    Output file  =  C:\Users\Lowell\Documents\_Engineering\Carbon-git\keepke #
#                    y\prototyping\USB\STM32_USB-FS-Device_Lib_V4.0.0\Project #
#                    s\Custom_HID\EWARM\STM3210E-EVAL\Exe\Custom_HID.out      #
#    Map file     =  C:\Users\Lowell\Documents\_Engineering\Carbon-git\keepke #
#                    y\prototyping\USB\STM32_USB-FS-Device_Lib_V4.0.0\Project #
#                    s\Custom_HID\EWARM\STM3210E-EVAL\List\Custom_HID.map     #
#    Command line =  C:\Users\Lowell\Documents\_Engineering\Carbon-git\keepke #
#                    y\prototyping\USB\STM32_USB-FS-Device_Lib_V4.0.0\Project #
#                    s\Custom_HID\EWARM\STM3210E-EVAL\Obj\hw_config.o         #
#                    C:\Users\Lowell\Documents\_Engineering\Carbon-git\keepke #
#                    y\prototyping\USB\STM32_USB-FS-Device_Lib_V4.0.0\Project #
#                    s\Custom_HID\EWARM\STM3210E-EVAL\Obj\main.o              #
#                    C:\Users\Lowell\Documents\_Engineering\Carbon-git\keepke #
#                    y\prototyping\USB\STM32_USB-FS-Device_Lib_V4.0.0\Project #
#                    s\Custom_HID\EWARM\STM3210E-EVAL\Obj\misc.o              #
#                    C:\Users\Lowell\Documents\_Engineering\Carbon-git\keepke #
#                    y\prototyping\USB\STM32_USB-FS-Device_Lib_V4.0.0\Project #
#                    s\Custom_HID\EWARM\STM3210E-EVAL\Obj\startup_stm32f10x_h #
#                    d.o C:\Users\Lowell\Documents\_Engineering\Carbon-git\ke #
#                    epkey\prototyping\USB\STM32_USB-FS-Device_Lib_V4.0.0\Pro #
#                    jects\Custom_HID\EWARM\STM3210E-EVAL\Obj\stm3210e_eval.o #
#                     C:\Users\Lowell\Documents\_Engineering\Carbon-git\keepk #
#                    ey\prototyping\USB\STM32_USB-FS-Device_Lib_V4.0.0\Projec #
#                    ts\Custom_HID\EWARM\STM3210E-EVAL\Obj\stm32_it.o         #
#                    C:\Users\Lowell\Documents\_Engineering\Carbon-git\keepke #
#                    y\prototyping\USB\STM32_USB-FS-Device_Lib_V4.0.0\Project #
#                    s\Custom_HID\EWARM\STM3210E-EVAL\Obj\stm32f10x_adc.o     #
#                    C:\Users\Lowell\Documents\_Engineering\Carbon-git\keepke #
#                    y\prototyping\USB\STM32_USB-FS-Device_Lib_V4.0.0\Project #
#                    s\Custom_HID\EWARM\STM3210E-EVAL\Obj\stm32f10x_dma.o     #
#                    C:\Users\Lowell\Documents\_Engineering\Carbon-git\keepke #
#                    y\prototyping\USB\STM32_USB-FS-Device_Lib_V4.0.0\Project #
#                    s\Custom_HID\EWARM\STM3210E-EVAL\Obj\stm32f10x_exti.o    #
#                    C:\Users\Lowell\Documents\_Engineering\Carbon-git\keepke #
#                    y\prototyping\USB\STM32_USB-FS-Device_Lib_V4.0.0\Project #
#                    s\Custom_HID\EWARM\STM3210E-EVAL\Obj\stm32f10x_flash.o   #
#                    C:\Users\Lowell\Documents\_Engineering\Carbon-git\keepke #
#                    y\prototyping\USB\STM32_USB-FS-Device_Lib_V4.0.0\Project #
#                    s\Custom_HID\EWARM\STM3210E-EVAL\Obj\stm32f10x_gpio.o    #
#                    C:\Users\Lowell\Documents\_Engineering\Carbon-git\keepke #
#                    y\prototyping\USB\STM32_USB-FS-Device_Lib_V4.0.0\Project #
#                    s\Custom_HID\EWARM\STM3210E-EVAL\Obj\stm32f10x_i2c.o     #
#                    C:\Users\Lowell\Documents\_Engineering\Carbon-git\keepke #
#                    y\prototyping\USB\STM32_USB-FS-Device_Lib_V4.0.0\Project #
#                    s\Custom_HID\EWARM\STM3210E-EVAL\Obj\stm32f10x_pwr.o     #
#                    C:\Users\Lowell\Documents\_Engineering\Carbon-git\keepke #
#                    y\prototyping\USB\STM32_USB-FS-Device_Lib_V4.0.0\Project #
#                    s\Custom_HID\EWARM\STM3210E-EVAL\Obj\stm32f10x_rcc.o     #
#                    C:\Users\Lowell\Documents\_Engineering\Carbon-git\keepke #
#                    y\prototyping\USB\STM32_USB-FS-Device_Lib_V4.0.0\Project #
#                    s\Custom_HID\EWARM\STM3210E-EVAL\Obj\stm32f10x_usart.o   #
#                    C:\Users\Lowell\Documents\_Engineering\Carbon-git\keepke #
#                    y\prototyping\USB\STM32_USB-FS-Device_Lib_V4.0.0\Project #
#                    s\Custom_HID\EWARM\STM3210E-EVAL\Obj\system_stm32f10x.o  #
#                    C:\Users\Lowell\Documents\_Engineering\Carbon-git\keepke #
#                    y\prototyping\USB\STM32_USB-FS-Device_Lib_V4.0.0\Project #
#                    s\Custom_HID\EWARM\STM3210E-EVAL\Obj\usb_core.o          #
#                    C:\Users\Lowell\Documents\_Engineering\Carbon-git\keepke #
#                    y\prototyping\USB\STM32_USB-FS-Device_Lib_V4.0.0\Project #
#                    s\Custom_HID\EWARM\STM3210E-EVAL\Obj\usb_desc.o          #
#                    C:\Users\Lowell\Documents\_Engineering\Carbon-git\keepke #
#                    y\prototyping\USB\STM32_USB-FS-Device_Lib_V4.0.0\Project #
#                    s\Custom_HID\EWARM\STM3210E-EVAL\Obj\usb_endp.o          #
#                    C:\Users\Lowell\Documents\_Engineering\Carbon-git\keepke #
#                    y\prototyping\USB\STM32_USB-FS-Device_Lib_V4.0.0\Project #
#                    s\Custom_HID\EWARM\STM3210E-EVAL\Obj\usb_init.o          #
#                    C:\Users\Lowell\Documents\_Engineering\Carbon-git\keepke #
#                    y\prototyping\USB\STM32_USB-FS-Device_Lib_V4.0.0\Project #
#                    s\Custom_HID\EWARM\STM3210E-EVAL\Obj\usb_int.o           #
#                    C:\Users\Lowell\Documents\_Engineering\Carbon-git\keepke #
#                    y\prototyping\USB\STM32_USB-FS-Device_Lib_V4.0.0\Project #
#                    s\Custom_HID\EWARM\STM3210E-EVAL\Obj\usb_istr.o          #
#                    C:\Users\Lowell\Documents\_Engineering\Carbon-git\keepke #
#                    y\prototyping\USB\STM32_USB-FS-Device_Lib_V4.0.0\Project #
#                    s\Custom_HID\EWARM\STM3210E-EVAL\Obj\usb_mem.o           #
#                    C:\Users\Lowell\Documents\_Engineering\Carbon-git\keepke #
#                    y\prototyping\USB\STM32_USB-FS-Device_Lib_V4.0.0\Project #
#                    s\Custom_HID\EWARM\STM3210E-EVAL\Obj\usb_prop.o          #
#                    C:\Users\Lowell\Documents\_Engineering\Carbon-git\keepke #
#                    y\prototyping\USB\STM32_USB-FS-Device_Lib_V4.0.0\Project #
#                    s\Custom_HID\EWARM\STM3210E-EVAL\Obj\usb_pwr.o           #
#                    C:\Users\Lowell\Documents\_Engineering\Carbon-git\keepke #
#                    y\prototyping\USB\STM32_USB-FS-Device_Lib_V4.0.0\Project #
#                    s\Custom_HID\EWARM\STM3210E-EVAL\Obj\usb_regs.o          #
#                    C:\Users\Lowell\Documents\_Engineering\Carbon-git\keepke #
#                    y\prototyping\USB\STM32_USB-FS-Device_Lib_V4.0.0\Project #
#                    s\Custom_HID\EWARM\STM3210E-EVAL\Obj\usb_sil.o           #
#                    --redirect _Printf=_PrintfFull --redirect                #
#                    _Scanf=_ScanfFull -o C:\Users\Lowell\Documents\_Engineer #
#                    ing\Carbon-git\keepkey\prototyping\USB\STM32_USB-FS-Devi #
#                    ce_Lib_V4.0.0\Projects\Custom_HID\EWARM\STM3210E-EVAL\Ex #
#                    e\Custom_HID.out --map C:\Users\Lowell\Documents\_Engine #
#                    ering\Carbon-git\keepkey\prototyping\USB\STM32_USB-FS-De #
#                    vice_Lib_V4.0.0\Projects\Custom_HID\EWARM\STM3210E-EVAL\ #
#                    List\Custom_HID.map --config                             #
#                    C:\Users\Lowell\Documents\_Engineering\Carbon-git\keepke #
#                    y\prototyping\USB\STM32_USB-FS-Device_Lib_V4.0.0\Project #
#                    s\Custom_HID\EWARM\stm32f10x_flash.icf --semihosting     #
#                    --entry __iar_program_start --vfe                        #
#                                                                             #
#                                                                             #
###############################################################################

*******************************************************************************
*** RUNTIME MODEL ATTRIBUTES
***

CppFlavor       = *
__SystemLibrary = DLib


*******************************************************************************
*** PLACEMENT SUMMARY
***

"A1":  place at 0x08000000 { ro section .intvec };
"P1":  place in [from 0x08000000 to 0x080fffff] { ro };
"P2":  place in [from 0x20000000 to 0x20017fff] { rw, block CSTACK, block HEAP };

  Section            Kind        Address    Size  Object
  -------            ----        -------    ----  ------
"A1":                                      0x130
  .intvec            ro code  0x08000000   0x130  startup_stm32f10x_hd.o [1]
                            - 0x08000130   0x130

"P1":                                     0x2110
  .text              ro code  0x08000130   0x7d2  usb_core.o [1]
  .text              ro code  0x08000902    0x2e  copy_init3.o [4]
  .text              ro code  0x08000930   0x1d2  usb_regs.o [1]
  .text              ro code  0x08000b02    0x48  usb_mem.o [1]
  .text              ro code  0x08000b4a    0x22  zero_init3.o [4]
  .text              ro code  0x08000b6c   0x2d8  hw_config.o [1]
  .text              ro code  0x08000e44    0x60  stm32f10x_rcc.o [1]
  .text              ro code  0x08000ea4   0x1b8  stm3210e_eval.o [1]
  .text              ro code  0x0800105c    0xec  system_stm32f10x.o [1]
  .text              ro code  0x08001148    0x78  misc.o [1]
  .text              ro code  0x080011c0    0xf8  stm32f10x_gpio.o [1]
  .text              ro code  0x080012b8    0x8c  stm32f10x_exti.o [1]
  .text              ro code  0x08001344   0x138  stm32f10x_dma.o [1]
  .text              ro code  0x0800147c   0x11c  stm32f10x_adc.o [1]
  .text              ro code  0x08001598   0x26a  usb_prop.o [1]
  .text              ro code  0x08001804   0x184  usb_pwr.o [1]
  .text              ro code  0x08001988    0x66  usb_sil.o [1]
  .text              ro code  0x080019f0   0x140  usb_int.o [1]
  .text              ro code  0x08001b30   0x134  usb_istr.o [1]
  .rodata            const    0x08001c64   0x130  usb_desc.o [1]
  .text              ro code  0x08001d94   0x11a  stm32_it.o [1]
  .text              ro code  0x08001eb0    0x80  usb_endp.o [1]
  .text              ro code  0x08001f30    0x28  data_init3.o [4]
  .iar.init_table    const    0x08001f58    0x24  - Linker created -
  .text              ro code  0x08001f7c    0x20  usb_init.o [1]
  .text              ro code  0x08001f9c    0x16  cmain.o [4]
  .text              ro code  0x08001fb2     0x4  low_level_init.o [3]
  .text              ro code  0x08001fb8    0x12  main.o [1]
  .text              ro code  0x08001fca     0x4  exit.o [3]
  .text              ro code  0x08001fd0     0xa  cexit.o [4]
  .text              ro code  0x08001fdc    0x14  exit.o [5]
  .text              ro code  0x08001ff0    0x10  startup_stm32f10x_hd.o [1]
  .text              ro code  0x08002000     0xc  cstartup_M.o [4]
  .text              ro code  0x0800200c     0x4  startup_stm32f10x_hd.o [1]
  .text              ro code  0x08002010     0x4  startup_stm32f10x_hd.o [1]
  .text              ro code  0x08002014     0x4  startup_stm32f10x_hd.o [1]
  .text              ro code  0x08002018     0x4  startup_stm32f10x_hd.o [1]
  .text              ro code  0x0800201c     0x4  startup_stm32f10x_hd.o [1]
  .text              ro code  0x08002020     0x4  startup_stm32f10x_hd.o [1]
  .text              ro code  0x08002024     0x4  startup_stm32f10x_hd.o [1]
  .text              ro code  0x08002028     0x4  startup_stm32f10x_hd.o [1]
  .text              ro code  0x0800202c     0x4  startup_stm32f10x_hd.o [1]
  .text              ro code  0x08002030     0x4  startup_stm32f10x_hd.o [1]
  .text              ro code  0x08002034     0x4  startup_stm32f10x_hd.o [1]
  .text              ro code  0x08002038     0x4  startup_stm32f10x_hd.o [1]
  .text              ro code  0x0800203c     0x4  startup_stm32f10x_hd.o [1]
  .text              ro code  0x08002040     0x4  startup_stm32f10x_hd.o [1]
  .text              ro code  0x08002044     0x4  startup_stm32f10x_hd.o [1]
  .text              ro code  0x08002048     0x4  startup_stm32f10x_hd.o [1]
  .text              ro code  0x0800204c     0x4  startup_stm32f10x_hd.o [1]
  .text              ro code  0x08002050     0x4  startup_stm32f10x_hd.o [1]
  .text              ro code  0x08002054     0x4  startup_stm32f10x_hd.o [1]
  .text              ro code  0x08002058     0x4  startup_stm32f10x_hd.o [1]
  .text              ro code  0x0800205c     0x4  startup_stm32f10x_hd.o [1]
  .text              ro code  0x08002060     0x4  startup_stm32f10x_hd.o [1]
  .text              ro code  0x08002064     0x4  startup_stm32f10x_hd.o [1]
  .text              ro code  0x08002068     0x4  startup_stm32f10x_hd.o [1]
  .text              ro code  0x0800206c     0x4  startup_stm32f10x_hd.o [1]
  .text              ro code  0x08002070     0x4  startup_stm32f10x_hd.o [1]
  .text              ro code  0x08002074     0x4  startup_stm32f10x_hd.o [1]
  .text              ro code  0x08002078     0x4  startup_stm32f10x_hd.o [1]
  .text              ro code  0x0800207c     0x4  startup_stm32f10x_hd.o [1]
  .text              ro code  0x08002080     0x4  startup_stm32f10x_hd.o [1]
  .text              ro code  0x08002084     0x4  startup_stm32f10x_hd.o [1]
  .text              ro code  0x08002088     0x4  startup_stm32f10x_hd.o [1]
  .text              ro code  0x0800208c     0x4  startup_stm32f10x_hd.o [1]
  .text              ro code  0x08002090     0x4  startup_stm32f10x_hd.o [1]
  .text              ro code  0x08002094     0x4  startup_stm32f10x_hd.o [1]
  .text              ro code  0x08002098     0x4  startup_stm32f10x_hd.o [1]
  .text              ro code  0x0800209c     0x4  startup_stm32f10x_hd.o [1]
  .text              ro code  0x080020a0     0x4  startup_stm32f10x_hd.o [1]
  .text              ro code  0x080020a4     0x4  startup_stm32f10x_hd.o [1]
  .text              ro code  0x080020a8     0x4  startup_stm32f10x_hd.o [1]
  .text              ro code  0x080020ac     0x4  startup_stm32f10x_hd.o [1]
  .text              ro code  0x080020b0     0x4  startup_stm32f10x_hd.o [1]
  .text              ro code  0x080020b4     0x4  startup_stm32f10x_hd.o [1]
  .text              ro code  0x080020b8     0x4  startup_stm32f10x_hd.o [1]
  .text              ro code  0x080020bc     0x4  startup_stm32f10x_hd.o [1]
  .text              ro code  0x080020c0     0x4  startup_stm32f10x_hd.o [1]
  .text              ro code  0x080020c4     0x4  startup_stm32f10x_hd.o [1]
  .text              ro code  0x080020c8     0x4  startup_stm32f10x_hd.o [1]
  .text              ro code  0x080020cc     0x4  startup_stm32f10x_hd.o [1]
  .text              ro code  0x080020d0     0x4  startup_stm32f10x_hd.o [1]
  .text              ro code  0x080020d4     0x4  startup_stm32f10x_hd.o [1]
  .text              ro code  0x080020d8     0x4  startup_stm32f10x_hd.o [1]
  .text              ro code  0x080020dc     0x4  startup_stm32f10x_hd.o [1]
  .text              ro code  0x080020e0     0x4  startup_stm32f10x_hd.o [1]
  .text              ro code  0x080020e4     0x4  startup_stm32f10x_hd.o [1]
  .text              ro code  0x080020e8     0x4  startup_stm32f10x_hd.o [1]
  .text              ro code  0x080020ec     0x4  startup_stm32f10x_hd.o [1]
  .text              ro code  0x080020f0     0x4  startup_stm32f10x_hd.o [1]
  .text              ro code  0x080020f4     0x4  startup_stm32f10x_hd.o [1]
  .text              ro code  0x080020f8     0x4  startup_stm32f10x_hd.o [1]
  .text              ro code  0x080020fc     0x4  startup_stm32f10x_hd.o [1]
  .text              ro code  0x08002100     0x4  startup_stm32f10x_hd.o [1]
  .text              ro code  0x08002104     0x4  startup_stm32f10x_hd.o [1]
  .text              ro code  0x08002108     0x4  startup_stm32f10x_hd.o [1]
  .text              ro code  0x0800210c     0x4  startup_stm32f10x_hd.o [1]
  .text              ro code  0x08002110     0x4  startup_stm32f10x_hd.o [1]
  .text              ro code  0x08002114     0x4  startup_stm32f10x_hd.o [1]
  .text              ro code  0x08002118     0x4  startup_stm32f10x_hd.o [1]
  .text              ro code  0x0800211c     0x4  startup_stm32f10x_hd.o [1]
  .rodata            const    0x08002120     0x0  zero_init3.o [4]
  .rodata            const    0x08002120     0x0  copy_init3.o [4]
  Initializer bytes  ro data  0x08002120   0x120  <for P2 s0>
                            - 0x08002240  0x2110

"P2", part 1 of 3:                         0x120
  P2 s0                       0x20000000   0x120  <Init block>
    .data            inited   0x20000000    0x30  usb_prop.o [1]
    .data            inited   0x20000030    0x24  usb_prop.o [1]
    .data            inited   0x20000054    0x20  stm3210e_eval.o [1]
    .data            inited   0x20000074    0x20  usb_prop.o [1]
    .data            inited   0x20000094    0x1c  usb_desc.o [1]
    .data            inited   0x200000b0    0x1c  usb_istr.o [1]
    .data            inited   0x200000cc    0x1c  usb_istr.o [1]
    .data            inited   0x200000e8    0x10  stm3210e_eval.o [1]
    .data            inited   0x200000f8     0x8  usb_prop.o [1]
    .data            inited   0x20000100     0x8  usb_prop.o [1]
    .data            inited   0x20000108     0x8  usb_prop.o [1]
    .data            inited   0x20000110     0x8  usb_prop.o [1]
    .data            inited   0x20000118     0x4  usb_prop.o [1]
    .data            inited   0x2000011c     0x1  main.o [1]
    .data            inited   0x2000011d     0x1  usb_pwr.o [1]
                            - 0x20000120   0x120

"P2", part 2 of 3:                          0x88
  .bss               zero     0x20000120    0x28  usb_init.o [1]
  .bss               zero     0x20000148    0x20  usb_pwr.o [1]
  .bss               zero     0x20000168     0xc  usb_istr.o [1]
  .bss               zero     0x20000174     0x8  usb_pwr.o [1]
  .bss               zero     0x2000017c     0x4  hw_config.o [1]
  .bss               zero     0x20000180     0x4  hw_config.o [1]
  .bss               zero     0x20000184     0x4  main.o [1]
  .bss               zero     0x20000188     0x4  usb_core.o [1]
  .bss               zero     0x2000018c     0x4  usb_int.o [1]
  .bss               zero     0x20000190     0x4  usb_prop.o [1]
  .bss               zero     0x20000194     0x4  usb_pwr.o [1]
  .bss               zero     0x20000198     0x2  stm32_it.o [1]
  .bss               zero     0x2000019a     0x2  usb_endp.o [1]
  .bss               zero     0x2000019c     0x2  usb_init.o [1]
  .bss               zero     0x2000019e     0x2  usb_prop.o [1]
  .bss               zero     0x200001a0     0x1  usb_core.o [1]
  .bss               zero     0x200001a1     0x1  usb_init.o [1]
  .bss               zero     0x200001a2     0x1  usb_prop.o [1]
                            - 0x200001a3    0x83

"P2", part 3 of 3:                         0x400
  CSTACK                      0x200001a8   0x400  <Block>
    CSTACK           uninit   0x200001a8   0x400  <Block tail>
                            - 0x200005a8   0x400


*******************************************************************************
*** INIT TABLE
***

          Address     Size
          -------     ----
Zero (__iar_zero_init3)
    1 destination range, total size 0x83:
          0x20000120   0x83

Copy (__iar_copy_init3)
    1 source range, total size 0x120 (100% of destination):
          0x08002120  0x120
    1 destination range, total size 0x11e:
          0x20000000  0x11e



*******************************************************************************
*** MODULE SUMMARY
***

    Module                  ro code  ro data  rw data
    ------                  -------  -------  -------
C:\Users\Lowell\Documents\_Engineering\Carbon-git\keepkey\prototyping\USB\STM32_USB-FS-Device_Lib_V4.0.0\Projects\Custom_HID\EWARM\STM3210E-EVAL\Obj: [1]
    hw_config.o                 728                 8
    main.o                       18        1        5
    misc.o                      120
    startup_stm32f10x_hd.o      596
    stm3210e_eval.o             440       48       48
    stm32_it.o                  282                 2
    stm32f10x_adc.o             284
    stm32f10x_dma.o             312
    stm32f10x_exti.o            140
    stm32f10x_gpio.o            248
    stm32f10x_rcc.o              96
    system_stm32f10x.o          236
    usb_core.o                2 002                 5
    usb_desc.o                           332       28
    usb_endp.o                  128                 2
    usb_init.o                   32                43
    usb_int.o                   320                 4
    usb_istr.o                  308       56       68
    usb_mem.o                    72
    usb_prop.o                  618      152      159
    usb_pwr.o                   388        1       45
    usb_regs.o                  466
    usb_sil.o                   102
    -------------------------------------------------
    Total:                    7 936      590      417

command line: [2]
    -------------------------------------------------
    Total:

dl7M_tln.a: [3]
    exit.o                        4
    low_level_init.o              4
    -------------------------------------------------
    Total:                        8

rt7M_tl.a: [4]
    cexit.o                      10
    cmain.o                      22
    copy_init3.o                 46
    cstartup_M.o                 12
    data_init3.o                 40
    zero_init3.o                 34
    -------------------------------------------------
    Total:                      164

shb_l.a: [5]
    exit.o                       20
    -------------------------------------------------
    Total:                       20

    Gaps                         12
    Linker created                        38    1 024
-----------------------------------------------------
    Grand Total:              8 140      628    1 441


*******************************************************************************
*** ENTRY LIST
***

Entry                      Address   Size  Type      Object
-----                      -------   ----  ----      ------
?main                   0x08001f9d         Code  Gb  cmain.o [4]
ADC1_2_IRQHandler       0x08002079         Code  Wk  startup_stm32f10x_hd.o [1]
ADC3_IRQHandler         0x080020ed         Code  Wk  startup_stm32f10x_hd.o [1]
ADC_Cmd                 0x080014b9   0x12  Code  Gb  stm32f10x_adc.o [1]
ADC_Configuration       0x08000cfb   0xd0  Code  Gb  hw_config.o [1]
ADC_ConvertedValueX     0x2000017c    0x4  Data  Gb  hw_config.o [1]
ADC_ConvertedValueX_1   0x20000180    0x4  Data  Gb  hw_config.o [1]
ADC_DMACmd              0x080014cb   0x12  Code  Gb  stm32f10x_adc.o [1]
ADC_GetCalibrationStatus
                        0x080014f7    0x4  Code  Gb  stm32f10x_adc.o [1]
ADC_GetResetCalibrationStatus
                        0x080014e7    0x6  Code  Gb  stm32f10x_adc.o [1]
ADC_Init                0x0800147d   0x3c  Code  Gb  stm32f10x_adc.o [1]
ADC_RegularChannelConfig
                        0x08001513   0x7e  Code  Gb  stm32f10x_adc.o [1]
ADC_ResetCalibration    0x080014dd    0xa  Code  Gb  stm32f10x_adc.o [1]
ADC_SoftwareStartConvCmd
                        0x08001501   0x12  Code  Gb  stm32f10x_adc.o [1]
ADC_StartCalibration    0x080014ed    0xa  Code  Gb  stm32f10x_adc.o [1]
BUTTON_CLK              0x08000ffc   0x20  Data  Gb  stm3210e_eval.o [1]
BUTTON_EXTI_LINE        0x0800101c   0x10  Data  Gb  stm3210e_eval.o [1]
BUTTON_IRQn             0x0800104c   0x10  Data  Gb  stm3210e_eval.o [1]
BUTTON_PIN              0x08000fec   0x10  Data  Gb  stm3210e_eval.o [1]
BUTTON_PIN_SOURCE       0x0800103c   0x10  Data  Gb  stm3210e_eval.o [1]
BUTTON_PORT             0x20000054   0x20  Data  Gb  stm3210e_eval.o [1]
BUTTON_PORT_SOURCE      0x0800102c   0x10  Data  Gb  stm3210e_eval.o [1]
BusFault_Handler        0x08001d9b    0x2  Code  Gb  stm32_it.o [1]
ByteSwap                0x08000af9    0xa  Code  Gb  usb_regs.o [1]
CAN1_RX1_IRQHandler     0x08002085         Code  Wk  startup_stm32f10x_hd.o [1]
CAN1_SCE_IRQHandler     0x08002089         Code  Wk  startup_stm32f10x_hd.o [1]
CSTACK$$Base            0x200001a8          --   Gb  - Linker created -
CSTACK$$Limit           0x200005a8          --   Gb  - Linker created -
CTR_LP                  0x080019f1  0x128  Code  Gb  usb_int.o [1]
ClearDTOG_RX            0x080009f1   0x24  Code  Gb  usb_regs.o [1]
ClearDTOG_TX            0x08000a15   0x22  Code  Gb  usb_regs.o [1]
Clear_Status_Out        0x080009d3   0x14  Code  Gb  usb_regs.o [1]
Config_Descriptor       0x20000100    0x8  Data  Gb  usb_prop.o [1]
CustomHID_ConfigDescriptor
                        0x08001c78   0x2c  Data  Gb  usb_desc.o [1]
CustomHID_Data_Setup    0x080016e1   0x62  Code  Gb  usb_prop.o [1]
CustomHID_DeviceDescriptor
                        0x08001c64   0x14  Data  Gb  usb_desc.o [1]
CustomHID_GetConfigDescriptor
                        0x08001773    0x6  Code  Gb  usb_prop.o [1]
CustomHID_GetDeviceDescriptor
                        0x0800176d    0x6  Code  Gb  usb_prop.o [1]
CustomHID_GetHIDDescriptor
                        0x08001799    0x6  Code  Gb  usb_prop.o [1]
CustomHID_GetProtocolValue
                        0x080017b9    0xe  Code  Gb  usb_prop.o [1]
CustomHID_GetReportDescriptor
                        0x08001791    0x6  Code  Gb  usb_prop.o [1]
CustomHID_GetStringDescriptor
                        0x08001779   0x18  Code  Gb  usb_prop.o [1]
CustomHID_Get_Interface_Setting
                        0x0800179f    0xa  Code  Gb  usb_prop.o [1]
CustomHID_Hid_Descriptor
                        0x20000110    0x8  Data  Gb  usb_prop.o [1]
CustomHID_NoData_Setup  0x08001753   0x1a  Code  Gb  usb_prop.o [1]
CustomHID_ReportDescriptor
                        0x08001ca4   0xa4  Data  Gb  usb_desc.o [1]
CustomHID_Report_Descriptor
                        0x20000108    0x8  Data  Gb  usb_prop.o [1]
CustomHID_Reset         0x080015b7   0xa4  Code  Gb  usb_prop.o [1]
CustomHID_SetConfiguration
                        0x0800165b   0x18  Code  Gb  usb_prop.o [1]
CustomHID_SetDeviceAddress
                        0x08001673    0x8  Code  Gb  usb_prop.o [1]
CustomHID_SetProtocol   0x080017a9    0xe  Code  Gb  usb_prop.o [1]
CustomHID_SetReport_Feature
                        0x08001745    0xe  Code  Gb  usb_prop.o [1]
CustomHID_Status_In     0x0800167b   0x64  Code  Gb  usb_prop.o [1]
CustomHID_Status_Out    0x080016df    0x2  Code  Gb  usb_prop.o [1]
CustomHID_StringLangID  0x08001d48    0x4  Data  Gb  usb_desc.o [1]
CustomHID_StringProduct
                        0x08001d74   0x20  Data  Gb  usb_desc.o [1]
CustomHID_StringSerial  0x20000094   0x1c  Data  Gb  usb_desc.o [1]
CustomHID_StringVendor  0x08001d4c   0x28  Data  Gb  usb_desc.o [1]
CustomHID_init          0x08001599   0x1e  Code  Gb  usb_prop.o [1]
DMA1_Channel1_IRQHandler
                        0x08001db3   0x4a  Code  Gb  stm32_it.o [1]
DMA1_Channel2_IRQHandler
                        0x08002061         Code  Wk  startup_stm32f10x_hd.o [1]
DMA1_Channel3_IRQHandler
                        0x08002065         Code  Wk  startup_stm32f10x_hd.o [1]
DMA1_Channel4_IRQHandler
                        0x08002069         Code  Wk  startup_stm32f10x_hd.o [1]
DMA1_Channel5_IRQHandler
                        0x0800206d         Code  Wk  startup_stm32f10x_hd.o [1]
DMA1_Channel6_IRQHandler
                        0x08002071         Code  Wk  startup_stm32f10x_hd.o [1]
DMA1_Channel7_IRQHandler
                        0x08002075         Code  Wk  startup_stm32f10x_hd.o [1]
DMA2_Channel1_IRQHandler
                        0x08002111         Code  Wk  startup_stm32f10x_hd.o [1]
DMA2_Channel2_IRQHandler
                        0x08002115         Code  Wk  startup_stm32f10x_hd.o [1]
DMA2_Channel3_IRQHandler
                        0x08002119         Code  Wk  startup_stm32f10x_hd.o [1]
DMA2_Channel4_5_IRQHandler
                        0x0800211d         Code  Wk  startup_stm32f10x_hd.o [1]
DMA_ClearFlag           0x08001439    0xc  Code  Gb  stm32f10x_dma.o [1]
DMA_Cmd                 0x08001415   0x14  Code  Gb  stm32f10x_dma.o [1]
DMA_DeInit              0x08001345   0x9a  Code  Gb  stm32f10x_dma.o [1]
DMA_ITConfig            0x08001429   0x10  Code  Gb  stm32f10x_dma.o [1]
DMA_Init                0x080013df   0x36  Code  Gb  stm32f10x_dma.o [1]
DataStageIn             0x0800046f   0xa6  Code  Lc  usb_core.o [1]
DataStageOut            0x080003dd   0x92  Code  Lc  usb_core.o [1]
Data_Mul_MaxPacketSize  0x200001a0    0x1  Data  Gb  usb_core.o [1]
Data_Setup0             0x080005df  0x176  Code  Lc  usb_core.o [1]
DebugMon_Handler        0x08001da1    0x2  Code  Gb  stm32_it.o [1]
Device_Descriptor       0x200000f8    0x8  Data  Gb  usb_prop.o [1]
Device_Info             0x20000120   0x1c  Data  Gb  usb_init.o [1]
Device_Property         0x20000000   0x30  Data  Gb  usb_prop.o [1]
Device_Table            0x20000118    0x4  Data  Gb  usb_prop.o [1]
EP                      0x20000148   0x20  Data  Gb  usb_pwr.o [1]
EP1_IN_Callback         0x08001f21    0x8  Code  Gb  usb_endp.o [1]
EP1_OUT_Callback        0x08001eb1   0x70  Code  Gb  usb_endp.o [1]
EPindex                 0x200001a1    0x1  Data  Gb  usb_init.o [1]
EXTI0_IRQHandler        0x08002049         Code  Wk  startup_stm32f10x_hd.o [1]
EXTI15_10_IRQHandler    0x08001e37   0x3c  Code  Gb  stm32_it.o [1]
EXTI1_IRQHandler        0x0800204d         Code  Wk  startup_stm32f10x_hd.o [1]
EXTI2_IRQHandler        0x08002051         Code  Wk  startup_stm32f10x_hd.o [1]
EXTI3_IRQHandler        0x08002055         Code  Wk  startup_stm32f10x_hd.o [1]
EXTI4_IRQHandler        0x08002059         Code  Wk  startup_stm32f10x_hd.o [1]
EXTI9_5_IRQHandler      0x08001dfd   0x3a  Code  Gb  stm32_it.o [1]
EXTI_ClearITPendingBit  0x08001333    0x2  Code  Gb  stm32f10x_exti.o [1]
EXTI_Configuration      0x08000c9b   0x46  Code  Gb  hw_config.o [1]
EXTI_GetITStatus        0x0800131d   0x16  Code  Gb  stm32f10x_exti.o [1]
EXTI_Init               0x080012b9   0x64  Code  Gb  stm32f10x_exti.o [1]
FLASH_IRQHandler        0x08002041         Code  Wk  startup_stm32f10x_hd.o [1]
FSMC_IRQHandler         0x080020f1         Code  Wk  startup_stm32f10x_hd.o [1]
GPIO_CLK                0x08000fdc   0x10  Data  Gb  stm3210e_eval.o [1]
GPIO_Configuration      0x08000c5f   0x3c  Code  Gb  hw_config.o [1]
GPIO_EXTILineConfig     0x08001293   0x22  Code  Gb  stm32f10x_gpio.o [1]
GPIO_Init               0x080011c1   0xbc  Code  Gb  stm32f10x_gpio.o [1]
GPIO_PIN                0x08000fd4    0x8  Data  Gb  stm3210e_eval.o [1]
GPIO_PORT               0x200000e8   0x10  Data  Gb  stm3210e_eval.o [1]
GPIO_ReadInputDataBit   0x0800127d    0xe  Code  Gb  stm32f10x_gpio.o [1]
GPIO_ResetBits          0x0800128f    0x4  Code  Gb  stm32f10x_gpio.o [1]
GPIO_SetBits            0x0800128b    0x4  Code  Gb  stm32f10x_gpio.o [1]
GetEPRxAddr             0x08000a49    0xe  Code  Gb  usb_regs.o [1]
GetEPRxCount            0x08000a9d    0xe  Code  Gb  usb_regs.o [1]
GetEPTxAddr             0x08000a47    0x2  Code  Gb  usb_regs.o [1]
Get_SerialNum           0x08000dcb   0x28  Code  Gb  hw_config.o [1]
HardFault_Handler       0x08001d97    0x2  Code  Gb  stm32_it.o [1]
I2C1_ER_IRQHandler      0x080020b1         Code  Wk  startup_stm32f10x_hd.o [1]
I2C1_EV_IRQHandler      0x080020ad         Code  Wk  startup_stm32f10x_hd.o [1]
I2C2_ER_IRQHandler      0x080020b9         Code  Wk  startup_stm32f10x_hd.o [1]
I2C2_EV_IRQHandler      0x080020b5         Code  Wk  startup_stm32f10x_hd.o [1]
In0_Process             0x080007d1   0x46  Code  Gb  usb_core.o [1]
IntToUnicode            0x08000e1d   0x28  Code  Lc  hw_config.o [1]
Leave_LowPowerMode      0x08000bcb   0x14  Code  Gb  hw_config.o [1]
MemManage_Handler       0x08001d99    0x2  Code  Gb  stm32_it.o [1]
NMI_Handler             0x08001d95    0x2  Code  Gb  stm32_it.o [1]
NOP_Process             0x08000901    0x2  Code  Gb  usb_core.o [1]
NVIC_Init               0x08001153   0x58  Code  Gb  misc.o [1]
NVIC_PriorityGroupConfig
                        0x08001149    0xa  Code  Gb  misc.o [1]
NoData_Setup0           0x08000515   0xca  Code  Lc  usb_core.o [1]
Out0_Process            0x08000817   0x30  Code  Gb  usb_core.o [1]
PMAToUserBufferCopy     0x08000b2d   0x1e  Code  Gb  usb_mem.o [1]
PVD_IRQHandler          0x08002035         Code  Wk  startup_stm32f10x_hd.o [1]
PendSV_Handler          0x08001da3    0x2  Code  Gb  stm32_it.o [1]
Post0_Process           0x0800084f   0x2c  Code  Gb  usb_core.o [1]
PowerOn                 0x08001805   0x22  Code  Gb  usb_pwr.o [1]
PrevXferComplete        0x2000011c    0x1  Data  Gb  main.o [1]
ProtocolValue           0x20000190    0x4  Data  Gb  usb_prop.o [1]
RCC_ADCCLKConfig        0x08000e51    0xa  Code  Gb  stm32f10x_rcc.o [1]
RCC_AHBPeriphClockCmd   0x08000e5b   0x12  Code  Gb  stm32f10x_rcc.o [1]
RCC_APB1PeriphClockCmd  0x08000e7f   0x12  Code  Gb  stm32f10x_rcc.o [1]
RCC_APB2PeriphClockCmd  0x08000e6d   0x12  Code  Gb  stm32f10x_rcc.o [1]
RCC_IRQHandler          0x08002045         Code  Wk  startup_stm32f10x_hd.o [1]
RCC_USBCLKConfig        0x08000e4b    0x6  Code  Gb  stm32f10x_rcc.o [1]
RTCAlarm_IRQHandler     0x080020d5         Code  Wk  startup_stm32f10x_hd.o [1]
RTC_IRQHandler          0x0800203d         Code  Wk  startup_stm32f10x_hd.o [1]
Receive_Buffer          0x2000019a    0x2  Data  Gb  usb_endp.o [1]
Region$$Table$$Base     0x08001f58          --   Gb  - Linker created -
Region$$Table$$Limit    0x08001f7c          --   Gb  - Linker created -
Report_Buf              0x2000019e    0x2  Data  Gb  usb_prop.o [1]
Request                 0x200001a2    0x1  Data  Gb  usb_prop.o [1]
Reset_Handler           0x08001ff1         Code  Wk  startup_stm32f10x_hd.o [1]
Resume                  0x080018e9   0x84  Code  Gb  usb_pwr.o [1]
ResumeS                 0x20000174    0x4  Data  Gb  usb_pwr.o [1]
Resume_Init             0x080018cd   0x1a  Code  Gb  usb_pwr.o [1]
SDIO_IRQHandler         0x080020f5         Code  Wk  startup_stm32f10x_hd.o [1]
SPI1_IRQHandler         0x080020bd         Code  Wk  startup_stm32f10x_hd.o [1]
SPI2_IRQHandler         0x080020c1         Code  Wk  startup_stm32f10x_hd.o [1]
SPI3_IRQHandler         0x080020fd         Code  Wk  startup_stm32f10x_hd.o [1]
STM_EVAL_LEDInit        0x08000ea5   0x32  Code  Gb  stm3210e_eval.o [1]
STM_EVAL_LEDOff         0x08000eeb   0x14  Code  Gb  stm3210e_eval.o [1]
STM_EVAL_LEDOn          0x08000ed7   0x14  Code  Gb  stm3210e_eval.o [1]
STM_EVAL_PBGetState     0x08000f9f   0x12  Code  Gb  stm3210e_eval.o [1]
STM_EVAL_PBInit         0x08000eff   0xa0  Code  Gb  stm3210e_eval.o [1]
SVC_Handler             0x08001d9f    0x2  Code  Gb  stm32_it.o [1]
SaveRState              0x2000018c    0x2  Data  Gb  usb_int.o [1]
SaveTState              0x2000018e    0x2  Data  Gb  usb_int.o [1]
Send_Buffer             0x20000198    0x2  Data  Gb  stm32_it.o [1]
SetBTABLE               0x08000931    0xe  Code  Gb  usb_regs.o [1]
SetDeviceAddress        0x08000887   0x36  Code  Gb  usb_core.o [1]
SetEPRxAddr             0x08000a39    0xe  Code  Gb  usb_regs.o [1]
SetEPRxCount            0x08000a65   0x38  Code  Gb  usb_regs.o [1]
SetEPRxStatus           0x08000975   0x20  Code  Gb  usb_regs.o [1]
SetEPRxValid            0x080009bb   0x18  Code  Gb  usb_regs.o [1]
SetEPTxAddr             0x08000a37    0x2  Code  Gb  usb_regs.o [1]
SetEPTxCount            0x08000a57    0xe  Code  Gb  usb_regs.o [1]
SetEPTxStatus           0x08000953   0x22  Code  Gb  usb_regs.o [1]
SetEPTxValid            0x080009a3   0x18  Code  Gb  usb_regs.o [1]
SetEPType               0x0800093f   0x14  Code  Gb  usb_regs.o [1]
Set_System              0x08000b6d   0x48  Code  Gb  hw_config.o [1]
Set_USBClock            0x08000bb5   0x16  Code  Gb  hw_config.o [1]
Setup0_Process          0x08000769   0x68  Code  Gb  usb_core.o [1]
Standard_ClearFeature   0x08000273   0xc2  Code  Gb  usb_core.o [1]
Standard_GetConfiguration
                        0x08000131   0x18  Code  Gb  usb_core.o [1]
Standard_GetDescriptorData
                        0x080003c3   0x1a  Code  Gb  usb_core.o [1]
Standard_GetInterface   0x0800017b   0x18  Code  Gb  usb_core.o [1]
Standard_GetStatus      0x080001e3   0x88  Code  Gb  usb_core.o [1]
Standard_SetConfiguration
                        0x08000149   0x32  Code  Gb  usb_core.o [1]
Standard_SetDeviceFeature
                        0x080003a7   0x1c  Code  Gb  usb_core.o [1]
Standard_SetEndPointFeature
                        0x08000335   0x72  Code  Gb  usb_core.o [1]
Standard_SetInterface   0x0800019d   0x46  Code  Gb  usb_core.o [1]
StatusInfo              0x20000188    0x4  Data  Gb  usb_core.o [1]
String_Descriptor       0x20000074   0x20  Data  Gb  usb_prop.o [1]
Suspend                 0x08001827   0xa6  Code  Gb  usb_pwr.o [1]
SysTick_Handler         0x08001da5    0xa  Code  Gb  stm32_it.o [1]
SystemInit              0x0800105d   0xd8  Code  Gb  system_stm32f10x.o [1]
TAMPER_IRQHandler       0x08002039         Code  Wk  startup_stm32f10x_hd.o [1]
TIM1_BRK_IRQHandler     0x08002091         Code  Wk  startup_stm32f10x_hd.o [1]
TIM1_CC_IRQHandler      0x0800209d         Code  Wk  startup_stm32f10x_hd.o [1]
TIM1_TRG_COM_IRQHandler
                        0x08002099         Code  Wk  startup_stm32f10x_hd.o [1]
TIM1_UP_IRQHandler      0x08002095         Code  Wk  startup_stm32f10x_hd.o [1]
TIM2_IRQHandler         0x080020a1         Code  Wk  startup_stm32f10x_hd.o [1]
TIM3_IRQHandler         0x080020a5         Code  Wk  startup_stm32f10x_hd.o [1]
TIM4_IRQHandler         0x080020a9         Code  Wk  startup_stm32f10x_hd.o [1]
TIM5_IRQHandler         0x080020f9         Code  Wk  startup_stm32f10x_hd.o [1]
TIM6_IRQHandler         0x08002109         Code  Wk  startup_stm32f10x_hd.o [1]
TIM7_IRQHandler         0x0800210d         Code  Wk  startup_stm32f10x_hd.o [1]
TIM8_BRK_IRQHandler     0x080020dd         Code  Wk  startup_stm32f10x_hd.o [1]
TIM8_CC_IRQHandler      0x080020e9         Code  Wk  startup_stm32f10x_hd.o [1]
TIM8_TRG_COM_IRQHandler
                        0x080020e5         Code  Wk  startup_stm32f10x_hd.o [1]
TIM8_UP_IRQHandler      0x080020e1         Code  Wk  startup_stm32f10x_hd.o [1]
TimingDelay             0x20000184    0x4  Data  Gb  main.o [1]
UART4_IRQHandler        0x08002101         Code  Wk  startup_stm32f10x_hd.o [1]
UART5_IRQHandler        0x08002105         Code  Wk  startup_stm32f10x_hd.o [1]
USART1_IRQHandler       0x080020c5         Code  Wk  startup_stm32f10x_hd.o [1]
USART2_IRQHandler       0x080020c9         Code  Wk  startup_stm32f10x_hd.o [1]
USART3_IRQHandler       0x080020cd         Code  Wk  startup_stm32f10x_hd.o [1]
USBWakeUp_IRQHandler    0x08001ea7    0x8  Code  Gb  stm32_it.o [1]
USB_Cable_Config        0x08000c4b   0x14  Code  Gb  hw_config.o [1]
USB_HP_CAN1_TX_IRQHandler
                        0x0800207d         Code  Wk  startup_stm32f10x_hd.o [1]
USB_Init                0x08001f7d   0x20  Code  Gb  usb_init.o [1]
USB_Interrupts_Config   0x08000bdf   0x50  Code  Gb  hw_config.o [1]
USB_Istr                0x08001b31  0x134  Code  Gb  usb_istr.o [1]
USB_LP_CAN1_RX0_IRQHandler
                        0x08001daf    0x4  Code  Gb  stm32_it.o [1]
USB_SIL_Init            0x08001989   0x14  Code  Gb  usb_sil.o [1]
USB_SIL_Read            0x080019cb   0x24  Code  Gb  usb_sil.o [1]
USB_SIL_Write           0x080019a5   0x26  Code  Gb  usb_sil.o [1]
UsageFault_Handler      0x08001d9d    0x2  Code  Gb  stm32_it.o [1]
UserToPMABufferCopy     0x08000b03   0x2a  Code  Gb  usb_mem.o [1]
User_Standard_Requests  0x20000030   0x24  Data  Gb  usb_prop.o [1]
WWDG_IRQHandler         0x08002031         Code  Wk  startup_stm32f10x_hd.o [1]
__cmain                 0x08001f9d         Code  Gb  cmain.o [4]
__exit                  0x08001fdd   0x14  Code  Gb  exit.o [5]
__iar_copy_init3        0x08000903   0x2e  Code  Gb  copy_init3.o [4]
__iar_data_init3        0x08001f31   0x28  Code  Gb  data_init3.o [4]
__iar_program_start     0x08002001         Code  Gb  cstartup_M.o [4]
__iar_zero_init3        0x08000b4b   0x22  Code  Gb  zero_init3.o [4]
__low_level_init        0x08001fb3    0x4  Code  Gb  low_level_init.o [3]
__vector_table          0x08000000         Data  Gb  startup_stm32f10x_hd.o [1]
_call_main              0x08001fa9         Code  Gb  cmain.o [4]
_exit                   0x08001fd1         Code  Gb  cexit.o [4]
_main                   0x08001faf         Code  Gb  cmain.o [4]
bDeviceState            0x20000194    0x4  Data  Gb  usb_pwr.o [1]
bIntPackSOF             0x20000168    0x1  Data  Gb  usb_istr.o [1]
esof_counter            0x2000016c    0x4  Data  Gb  usb_istr.o [1]
exit                    0x08001fcb    0x4  Code  Gb  exit.o [3]
fSuspendEnabled         0x2000011d    0x1  Data  Gb  usb_pwr.o [1]
main                    0x08001fb9   0x12  Code  Gb  main.o [1]
pEpInt_IN               0x200000b0   0x1c  Data  Gb  usb_istr.o [1]
pEpInt_OUT              0x200000cc   0x1c  Data  Gb  usb_istr.o [1]
pInformation            0x2000013c    0x4  Data  Gb  usb_init.o [1]
pProperty               0x20000140    0x4  Data  Gb  usb_init.o [1]
pUser_Standard_Requests
                        0x20000144    0x4  Data  Gb  usb_init.o [1]
remotewakeupon          0x20000178    0x4  Data  Gb  usb_pwr.o [1]
wCNTR                   0x20000170    0x4  Data  Gb  usb_istr.o [1]
wInterrupt_Mask         0x2000019c    0x2  Data  Gb  usb_init.o [1]
wIstr                   0x2000016a    0x2  Data  Gb  usb_istr.o [1]


[1] = C:\Users\Lowell\Documents\_Engineering\Carbon-git\keepkey\prototyping\USB\STM32_USB-FS-Device_Lib_V4.0.0\Projects\Custom_HID\EWARM\STM3210E-EVAL\Obj
[2] = command line
[3] = dl7M_tln.a
[4] = rt7M_tl.a
[5] = shb_l.a

  8 140 bytes of readonly  code memory
    628 bytes of readonly  data memory
  1 441 bytes of readwrite data memory

Errors: none
Warnings: none
